DBG_CTRL	EQU 0002EH
DBG_DATA	EQU 0002FH
GIO_REGS	EQU 000AAH
KBD_STAT	EQU 000A9H
LOCAL_BASIC_JP	EQU 00000H
LOCAL_BASIC_US	EQU 00001H
LOCAL_CHSET_JP	EQU 00000H
LOCAL_CHSET_KO	EQU 00002H
LOCAL_CHSET_US	EQU 00001H
LOCAL_CHSET_VAR_BR EQU 00001H
LOCAL_CHSET_VAR_NONE EQU 00000H
LOCAL_DATE_DMY	EQU 00020H
LOCAL_DATE_MDY	EQU 00010H
LOCAL_DATE_YMD	EQU 00000H
LOCAL_INT_50HZ	EQU 00080H
LOCAL_INT_60HZ	EQU 00000H
LOCAL_KBD_DE	EQU 00004H
LOCAL_KBD_FR	EQU 00002H
LOCAL_KBD_JP	EQU 00000H
LOCAL_KBD_UK	EQU 00003H
LOCAL_KBD_US	EQU 00001H
MAP_REG1	EQU 000FCH
MAP_REG2	EQU 000FDH
MAP_REG3	EQU 000FEH
MAP_REG4	EQU 000FFH
MODEL_MSX1	EQU 00000H
MODEL_MSX2	EQU 00001H
MODEL_MSX2P	EQU 00002H
MODEL_MSXTR	EQU 00003H
MODEL_SUBROM	EQU 00004H
NO		EQU 00000H
PPI_REGS	EQU 000ABH
PRN_DATA	EQU 00091H
PRN_STAT	EQU 00090H
PSG_DATA	EQU 000A1H
PSG_REGS	EQU 000A0H
PSG_STAT	EQU 000A2H
PSL_STAT	EQU 000A8H
RTC_ADDR	EQU 000B4H
RTC_DATA	EQU 000B5H
SSL_REGS	EQU 0FFFFH
SYSFLAGS	EQU 000F4H
TMS99X8		EQU 09918H
V9938		EQU 09938H
V9958		EQU 09958H
VDP_ADDR	EQU 00099H
VDP_DATA	EQU 00098H
VDP_PALT	EQU 0009AH
VDP_REGS	EQU 0009BH
VDP_STAT	EQU 00099H
YES		EQU 00001H
iniopl		EQU 0414DH
iniopl_text	EQU 04158H
mstart		EQU 04175H
mstart_text	EQU 04180H
mstop		EQU 0419DH
mstop_text	EQU 041A8H
opldrv		EQU 041ECH
opldrv_text	EQU 041F7H
print_debug	EQU 0423CH
print_debug_asciiz EQU 04248H
print_debug_hexbyte EQU 04260H
print_debug_hexnibble EQU 04250H
print_debug_hexnibble_letter EQU 0425BH
print_debug_hexword EQU 0426DH
rddata		EQU 041C4H
rddata_text	EQU 041CFH
tstbgm		EQU 04214H
tstbgm_text	EQU 0421FH
wrtopl		EQU 04125H
wrtopl_text	EQU 04130H
